{
    "-profile test_fam": {
        "content": [
            88,
            {
                "COUNT_DEL": {
                    "bcftools": 1.2
                },
                "COUNT_INS": {
                    "bcftools": 1.2
                },
                "COUNT_SNV": {
                    "bcftools": 1.2
                },
                "COVERAGE_BY_GENE": {
                    "aggregate_mosdepth_by_gene.py": "aggregate_mosdepth_by_gene.py 1.0.0"
                },
                "FASTQC": {
                    "fastqc": "0.12.1"
                },
                "HET_INDEL": {
                    "bcftools": 1.2
                },
                "HET_SNV": {
                    "bcftools": 1.2
                },
                "HOM_INDEL": {
                    "bcftools": 1.2
                },
                "HOM_SNV": {
                    "bcftools": 1.2
                },
                "MOSDEPTH": {
                    "mosdepth": "0.3.11"
                },
                "NGSCHECKMATE_FASTQ": {
                    "ngscheckmate": "1.0.1"
                },
                "NGSCHECKMATE_VAFNCM": {
                    "ngscheckmate": "1.0.1"
                },
                "PICARD_COLLECTHSMETRICS": {
                    "picard": "3.4.0"
                },
                "PICARD_COLLECTQUALITYYIELDMETRICS": {
                    "picard": "3.4.0"
                },
                "PICARD_COLLECTWGSMETRICS": {
                    "picard": "3.4.0"
                },
                "SAMTOOLS_STATS": {
                    "samtools": 1.21
                },
                "SOMALIER_EXTRACT": {
                    "somalier": "0.2.19"
                },
                "SOMALIER_RELATE": {
                    "somalier": "0.2.19"
                },
                "STATS_TSTV": {
                    "bcftools": 1.2
                },
                "VERIFYBAMID_VERIFYBAMID2": {
                    "verifybamid": "2.0.1"
                }
            },
            [
                "multiqc",
                "multiqc/CEU",
                "multiqc/CEU/CEU_multiqc_report.html",
                "multiqc/CEU/CEU_multiqc_report_data.zip",
                "multiqc/CEU/qc_json",
                "multiqc/CEU/qc_json/NA21118.metrics.json",
                "multiqc/SAS",
                "multiqc/SAS/SAS_multiqc_report.html",
                "multiqc/SAS/SAS_multiqc_report_data.zip",
                "multiqc/SAS/qc_json",
                "multiqc/SAS/qc_json/NA21119.metrics.json",
                "multiqc/YRI",
                "multiqc/YRI/YRI_multiqc_report.html",
                "multiqc/YRI/YRI_multiqc_report_data.zip",
                "multiqc/YRI/qc_json",
                "multiqc/YRI/qc_json/NA19238.metrics.json",
                "multiqc/YRI/qc_json/NA19239.metrics.json",
                "multiqc/YRI/qc_json/NA19240.metrics.json",
                "pipeline_info",
                "pipeline_info/quality-control-pipeline_software_mqc_versions.yml",
                "reports",
                "reports/QC",
                "reports/QC/NA19238",
                "reports/QC/NA19238/NA19238.Ancestry",
                "reports/QC/NA19238/NA19238.CollectHsMetrics.coverage_metrics",
                "reports/QC/NA19238/NA19238.QualityYieldMetrics.metrics",
                "reports/QC/NA19238/NA19238.log",
                "reports/QC/NA19238/NA19238.mosdepth.global.dist.txt",
                "reports/QC/NA19238/NA19238.mosdepth.region.dist.txt",
                "reports/QC/NA19238/NA19238.mosdepth.summary.txt",
                "reports/QC/NA19238/NA19238.qc_regions_1.coverage_by_gene.tsv",
                "reports/QC/NA19238/NA19238.qc_regions_1.mosdepth.global.dist.txt",
                "reports/QC/NA19238/NA19238.qc_regions_1.mosdepth.region.dist.txt",
                "reports/QC/NA19238/NA19238.qc_regions_1.mosdepth.summary.txt",
                "reports/QC/NA19238/NA19238.qc_regions_1.regions.bed.gz",
                "reports/QC/NA19238/NA19238.qc_regions_1.regions.bed.gz.csi",
                "reports/QC/NA19238/NA19238.qc_regions_1.thresholds.bed.gz",
                "reports/QC/NA19238/NA19238.qc_regions_1.thresholds.bed.gz.csi",
                "reports/QC/NA19238/NA19238.regions.bed.gz",
                "reports/QC/NA19238/NA19238.regions.bed.gz.csi",
                "reports/QC/NA19238/NA19238.selfSM",
                "reports/QC/NA19238/NA19238.somalier",
                "reports/QC/NA19238/NA19238.stats",
                "reports/QC/NA19238/NA19238.thresholds.bed.gz",
                "reports/QC/NA19238/NA19238.thresholds.bed.gz.csi",
                "reports/QC/NA19239",
                "reports/QC/NA19239/NA19239.Ancestry",
                "reports/QC/NA19239/NA19239.CollectHsMetrics.coverage_metrics",
                "reports/QC/NA19239/NA19239.QualityYieldMetrics.metrics",
                "reports/QC/NA19239/NA19239.log",
                "reports/QC/NA19239/NA19239.mosdepth.global.dist.txt",
                "reports/QC/NA19239/NA19239.mosdepth.region.dist.txt",
                "reports/QC/NA19239/NA19239.mosdepth.summary.txt",
                "reports/QC/NA19239/NA19239.qc_regions_1.coverage_by_gene.tsv",
                "reports/QC/NA19239/NA19239.qc_regions_1.mosdepth.global.dist.txt",
                "reports/QC/NA19239/NA19239.qc_regions_1.mosdepth.region.dist.txt",
                "reports/QC/NA19239/NA19239.qc_regions_1.mosdepth.summary.txt",
                "reports/QC/NA19239/NA19239.qc_regions_1.regions.bed.gz",
                "reports/QC/NA19239/NA19239.qc_regions_1.regions.bed.gz.csi",
                "reports/QC/NA19239/NA19239.qc_regions_1.thresholds.bed.gz",
                "reports/QC/NA19239/NA19239.qc_regions_1.thresholds.bed.gz.csi",
                "reports/QC/NA19239/NA19239.regions.bed.gz",
                "reports/QC/NA19239/NA19239.regions.bed.gz.csi",
                "reports/QC/NA19239/NA19239.selfSM",
                "reports/QC/NA19239/NA19239.somalier",
                "reports/QC/NA19239/NA19239.stats",
                "reports/QC/NA19239/NA19239.thresholds.bed.gz",
                "reports/QC/NA19239/NA19239.thresholds.bed.gz.csi",
                "reports/QC/NA19239/NA19239.vaf",
                "reports/QC/NA19239/NA19239_1_fastqc.html",
                "reports/QC/NA19239/NA19239_1_fastqc.zip",
                "reports/QC/NA19239/NA19239_2_fastqc.html",
                "reports/QC/NA19239/NA19239_2_fastqc.zip",
                "reports/QC/NA19240",
                "reports/QC/NA19240/NA19240.Ancestry",
                "reports/QC/NA19240/NA19240.CollectHsMetrics.coverage_metrics",
                "reports/QC/NA19240/NA19240.QualityYieldMetrics.metrics",
                "reports/QC/NA19240/NA19240.log",
                "reports/QC/NA19240/NA19240.mosdepth.global.dist.txt",
                "reports/QC/NA19240/NA19240.mosdepth.region.dist.txt",
                "reports/QC/NA19240/NA19240.mosdepth.summary.txt",
                "reports/QC/NA19240/NA19240.qc_regions_1.coverage_by_gene.tsv",
                "reports/QC/NA19240/NA19240.qc_regions_1.mosdepth.global.dist.txt",
                "reports/QC/NA19240/NA19240.qc_regions_1.mosdepth.region.dist.txt",
                "reports/QC/NA19240/NA19240.qc_regions_1.mosdepth.summary.txt",
                "reports/QC/NA19240/NA19240.qc_regions_1.regions.bed.gz",
                "reports/QC/NA19240/NA19240.qc_regions_1.regions.bed.gz.csi",
                "reports/QC/NA19240/NA19240.qc_regions_1.thresholds.bed.gz",
                "reports/QC/NA19240/NA19240.qc_regions_1.thresholds.bed.gz.csi",
                "reports/QC/NA19240/NA19240.regions.bed.gz",
                "reports/QC/NA19240/NA19240.regions.bed.gz.csi",
                "reports/QC/NA19240/NA19240.selfSM",
                "reports/QC/NA19240/NA19240.somalier",
                "reports/QC/NA19240/NA19240.stats",
                "reports/QC/NA19240/NA19240.thresholds.bed.gz",
                "reports/QC/NA19240/NA19240.thresholds.bed.gz.csi",
                "reports/QC/NA19240/NA19240.vaf",
                "reports/QC/NA19240/NA19240_1_fastqc.html",
                "reports/QC/NA19240/NA19240_1_fastqc.zip",
                "reports/QC/NA19240/NA19240_2_fastqc.html",
                "reports/QC/NA19240/NA19240_2_fastqc.zip",
                "reports/QC/NA21118",
                "reports/QC/NA21118/NA21118.Ancestry",
                "reports/QC/NA21118/NA21118.CollectWgsMetrics.coverage_metrics",
                "reports/QC/NA21118/NA21118.QualityYieldMetrics.metrics",
                "reports/QC/NA21118/NA21118.log",
                "reports/QC/NA21118/NA21118.mosdepth.global.dist.txt",
                "reports/QC/NA21118/NA21118.mosdepth.region.dist.txt",
                "reports/QC/NA21118/NA21118.mosdepth.summary.txt",
                "reports/QC/NA21118/NA21118.qc_regions_1.coverage_by_gene.tsv",
                "reports/QC/NA21118/NA21118.qc_regions_1.mosdepth.global.dist.txt",
                "reports/QC/NA21118/NA21118.qc_regions_1.mosdepth.region.dist.txt",
                "reports/QC/NA21118/NA21118.qc_regions_1.mosdepth.summary.txt",
                "reports/QC/NA21118/NA21118.qc_regions_1.regions.bed.gz",
                "reports/QC/NA21118/NA21118.qc_regions_1.regions.bed.gz.csi",
                "reports/QC/NA21118/NA21118.qc_regions_1.thresholds.bed.gz",
                "reports/QC/NA21118/NA21118.qc_regions_1.thresholds.bed.gz.csi",
                "reports/QC/NA21118/NA21118.regions.bed.gz",
                "reports/QC/NA21118/NA21118.regions.bed.gz.csi",
                "reports/QC/NA21118/NA21118.selfSM",
                "reports/QC/NA21118/NA21118.somalier",
                "reports/QC/NA21118/NA21118.stats",
                "reports/QC/NA21118/NA21118.thresholds.bed.gz",
                "reports/QC/NA21118/NA21118.thresholds.bed.gz.csi",
                "reports/QC/NA21119",
                "reports/QC/fastq_checkmate",
                "reports/QC/fastq_checkmate/fastq_checkmate.pdf",
                "reports/QC/fastq_checkmate/fastq_checkmate_all.txt",
                "reports/QC/fastq_checkmate/fastq_checkmate_matched.txt",
                "reports/QC/fastq_checkmate/output_corr_matrix.txt",
                "reports/pedigree",
                "reports/pedigree/CEU",
                "reports/pedigree/CEU/CEU.somalier.html",
                "reports/pedigree/CEU/CEU.somalier.pairs.tsv",
                "reports/pedigree/CEU/CEU.somalier.samples.tsv",
                "reports/pedigree/YRI",
                "reports/pedigree/YRI/YRI.somalier.groups.tsv",
                "reports/pedigree/YRI/YRI.somalier.html",
                "reports/pedigree/YRI/YRI.somalier.pairs.tsv",
                "reports/pedigree/YRI/YRI.somalier.samples.tsv"
            ],
            [
                "NA21118.metrics.json:md5,47348a153b55ae728925d9fe5863515e",
                "NA21119.metrics.json:md5,6d5ed28d43bd735e944ad617468e8e87",
                "NA19238.metrics.json:md5,3a43ff9457037a047f40119814f7cca2",
                "NA19239.metrics.json:md5,cca88d82231002fcaa06e67bff995b62",
                "NA19240.metrics.json:md5,fc013679b459e3aa7e4764d80ef40d69",
                "NA19238.Ancestry:md5,a990c5dab7b13d76977fa9e8bcb3e3f7",
                "NA19238.log:md5,c23db1036bf6f25bc7cfc462df31aff7",
                "NA19238.mosdepth.global.dist.txt:md5,ab53e3621b3e7c2244cbb409d9f02532",
                "NA19238.mosdepth.region.dist.txt:md5,c39d83cb36766284f564a8ab75346749",
                "NA19238.mosdepth.summary.txt:md5,04916d99cb1654b7ea61cdb6b975614f",
                "NA19238.qc_regions_1.coverage_by_gene.tsv:md5,5ee0adc9144be9b04b696570e1d77d06",
                "NA19238.qc_regions_1.mosdepth.global.dist.txt:md5,ab53e3621b3e7c2244cbb409d9f02532",
                "NA19238.qc_regions_1.mosdepth.region.dist.txt:md5,518a8d2ff6841eb58b73ecfaaf357911",
                "NA19238.qc_regions_1.mosdepth.summary.txt:md5,8e0f41ad83d3de8f9a541f01d7bac6d9",
                "NA19238.qc_regions_1.regions.bed.gz:md5,ecb8a8f6ac867434e02ef44ead0e49cc",
                "NA19238.qc_regions_1.thresholds.bed.gz:md5,7b33db602edd9d6425b8730bc27701d1",
                "NA19238.regions.bed.gz:md5,9c0bd933f05704914211169949faf604",
                "NA19238.selfSM:md5,f5a78517c7db11f0df37b46ab18fe26c",
                "NA19238.somalier:md5,eda83d91e74e3148ee5284eb07d940b4",
                "NA19238.stats:md5,17249fabe3c0eee8646f9792f45bb12f",
                "NA19238.thresholds.bed.gz:md5,eb6b1e0d73017360db3d7c23845212d6",
                "NA19239.Ancestry:md5,a990c5dab7b13d76977fa9e8bcb3e3f7",
                "NA19239.log:md5,c23db1036bf6f25bc7cfc462df31aff7",
                "NA19239.mosdepth.global.dist.txt:md5,4e52e1e6e3ab9eaed80e8a1d2c235840",
                "NA19239.mosdepth.region.dist.txt:md5,c6c6ae4d721e0044a6f2439ea3025bfe",
                "NA19239.mosdepth.summary.txt:md5,3661426ca7fd1a461963620a97be8a19",
                "NA19239.qc_regions_1.coverage_by_gene.tsv:md5,14590790ebcf1aba34fcf3428865e966",
                "NA19239.qc_regions_1.mosdepth.global.dist.txt:md5,4e52e1e6e3ab9eaed80e8a1d2c235840",
                "NA19239.qc_regions_1.mosdepth.region.dist.txt:md5,1465f33f9888cc72f547425c23eab23f",
                "NA19239.qc_regions_1.mosdepth.summary.txt:md5,3bf28a84f2e48ef407a2a3510b474364",
                "NA19239.qc_regions_1.regions.bed.gz:md5,456c9d89dffb83dd67fe76325b5f9667",
                "NA19239.qc_regions_1.thresholds.bed.gz:md5,0bc4422c326dca9d0efb12d77e48b7a8",
                "NA19239.regions.bed.gz:md5,7082778a33472dcefb62a0c2f14c7f3b",
                "NA19239.selfSM:md5,86d55c5272d3596719f09396447c0d09",
                "NA19239.somalier:md5,2a898b285d4e6bcdfe2f8024c7f6f8ec",
                "NA19239.stats:md5,9ebda71e5d1c72d2e2ba87fc5f0d1de9",
                "NA19239.thresholds.bed.gz:md5,efc40571c5534aa3eb8a8c135e164aba",
                "NA19239.vaf:md5,a9320c9622b314cd41f72accfd528a0e",
                "NA19240.Ancestry:md5,4eec49707496c52326c437a34632a7cf",
                "NA19240.log:md5,0ef2839610692545c18f1662ceec8a37",
                "NA19240.mosdepth.global.dist.txt:md5,7af398e9638943b066458390b5d39d79",
                "NA19240.mosdepth.region.dist.txt:md5,acd0783f6e73457f78f3b56809067c91",
                "NA19240.mosdepth.summary.txt:md5,1583c6672d1fb4333769fa5493d32983",
                "NA19240.qc_regions_1.coverage_by_gene.tsv:md5,d0e99e27b99c4ad3896f7360a3f9857c",
                "NA19240.qc_regions_1.mosdepth.global.dist.txt:md5,7af398e9638943b066458390b5d39d79",
                "NA19240.qc_regions_1.mosdepth.region.dist.txt:md5,417bf254625ae57471d6bbfbc5ede2d6",
                "NA19240.qc_regions_1.mosdepth.summary.txt:md5,b466d4e97c6cd35999704f2adf2ee7f5",
                "NA19240.qc_regions_1.regions.bed.gz:md5,cc9e0734d5fe4d1c1bcae302b79c2f35",
                "NA19240.qc_regions_1.thresholds.bed.gz:md5,8c48e34ae2b2d4532858375bf89ed849",
                "NA19240.regions.bed.gz:md5,6d6733f03e77de78264dc1e4483d5b53",
                "NA19240.selfSM:md5,e08a5938c72d25935af6da13591e3326",
                "NA19240.somalier:md5,cc68d6b161b5bf7a5f749fadc89ac740",
                "NA19240.stats:md5,499efef3e7cbdf37e3595e150eee51fd",
                "NA19240.thresholds.bed.gz:md5,5946eb06b20fd496dbd13300029f4b84",
                "NA19240.vaf:md5,436bd461639990ffbc169c79055c3360",
                "NA21118.Ancestry:md5,a02e46648769fbc103856d4a50c11c3b",
                "NA21118.log:md5,54ef63a9482ee12ba02269595be1b802",
                "NA21118.mosdepth.global.dist.txt:md5,8f165a99c50558e6d7a4e0309865ccd4",
                "NA21118.mosdepth.region.dist.txt:md5,0592304abc96dda82fb5e551d9ff7ac3",
                "NA21118.mosdepth.summary.txt:md5,45be49090f1d011ee6e2048685622cd1",
                "NA21118.qc_regions_1.coverage_by_gene.tsv:md5,25a27d601fd04eeb2787f148a96dfb42",
                "NA21118.qc_regions_1.mosdepth.global.dist.txt:md5,8f165a99c50558e6d7a4e0309865ccd4",
                "NA21118.qc_regions_1.mosdepth.region.dist.txt:md5,171e24b4db71f6dd34375c5df9cc094b",
                "NA21118.qc_regions_1.mosdepth.summary.txt:md5,8ddf48bed71f88be8232c58e2689d137",
                "NA21118.qc_regions_1.regions.bed.gz:md5,4c8e64034162a2444a49497cbed47267",
                "NA21118.qc_regions_1.thresholds.bed.gz:md5,c23506256c413278140ceed84eda50b9",
                "NA21118.regions.bed.gz:md5,545b4f377cd5c210a7a15f42d1b0d691",
                "NA21118.selfSM:md5,7870a3bffe29e739a85800e82eebedee",
                "NA21118.somalier:md5,146095c053af5bc2749f5e782368f403",
                "NA21118.stats:md5,ba9c69cc188f8539699d3446eb231a9d",
                "NA21118.thresholds.bed.gz:md5,840b3a87bc58245c3db3e1646c7d84dc",
                "fastq_checkmate_all.txt:md5,2a2c39031c65a3610595a38c2094465f",
                "fastq_checkmate_matched.txt:md5,d41d8cd98f00b204e9800998ecf8427e",
                "output_corr_matrix.txt:md5,dc8aca5edbf54c8fb9317a277f05857e",
                "CEU.somalier.html:md5,cf438b48c0dfd72abf62b78f9ddb9643",
                "CEU.somalier.pairs.tsv:md5,4a0988fc3c0fe5cfd5dd205fe6755595",
                "CEU.somalier.samples.tsv:md5,0b2a38a30372ebd3e6febecd31825c3b",
                "YRI.somalier.groups.tsv:md5,2172341560ca9a0b63407a3084d4cbf9",
                "YRI.somalier.html:md5,4272a8ea0b396b1ff25effa19ae24e0e",
                "YRI.somalier.pairs.tsv:md5,07e01caba84aa9c2ed77783262911b10",
                "YRI.somalier.samples.tsv:md5,757c0ce579eca991680a872e78b221e9"
            ]
        ],
        "timestamp": "2026-08-31T20:40:05.262992168",
        "meta": {
            "nf-test": "0.9.5",
            "nextflow": "24.10.5"
        }
    }
}